O Windows PowerShell
Copyright (C) Microsoft Corporation. Todos os direitos reservados.

Instale o PowerShell mais recente para obter novos recursos e aprimoramentos! https://aka.ms/PSWindows

PS C:\WINDOWS\system32> CD "C:\Users\Tributos Consultoria\Desktop\certificado\MITEstudo"
PS C:\Users\Tributos Consultoria\Desktop\certificado\MITEstudo> cd "C:\Users\Tributos Consultoria\Desktop\certificado\MITEstudo\Cliente Windows"
cd : Não é possível localizar o caminho 'C:\Users\Tributos Consultoria\Desktop\certificado\MITEstudo\Cliente Windows'
porque ele não existe.
No linha:1 caractere:1
+ cd "C:\Users\Tributos Consultoria\Desktop\certificado\MITEstudo\Clien ...
+ ~~~~~~~~~~~~~~~~~~~~~~~~~~~~~~~~~~~~~~~~~~~~~~~~~~~~~~~~~~~~~~~~~~~~~
    + CategoryInfo          : ObjectNotFound: (C:\Users\Tribut...Cliente Windows:String) [Set-Location], ItemNotFoundE
   xception
    + FullyQualifiedErrorId : PathNotFound,Microsoft.PowerShell.Commands.SetLocationCommand

PS C:\Users\Tributos Consultoria\Desktop\certificado\MITEstudo> dotnet build -c Release
MSBUILD : error MSB1003: Especifique um arquivo de solução ou de projeto. O diretório de trabalho atual não contém um arquivo de solução ou de projeto.
PS C:\Users\Tributos Consultoria\Desktop\certificado\MITEstudo> cd bin\Release\net10.0
cd : Não é possível localizar o caminho 'C:\Users\Tributos
Consultoria\Desktop\certificado\MITEstudo\bin\Release\net10.0' porque ele não existe.
No linha:1 caractere:1
+ cd bin\Release\net10.0
+ ~~~~~~~~~~~~~~~~~~~~~~
    + CategoryInfo          : ObjectNotFound: (C:\Users\Tribut...Release\net10.0:String) [Set-Location], ItemNotFoundE
   xception
    + FullyQualifiedErrorId : PathNotFound,Microsoft.PowerShell.Commands.SetLocationCommand

PS C:\Users\Tributos Consultoria\Desktop\certificado\MITEstudo> dotnet "Cliente Windows.dll"
Não foi possível executar porque o comando ou arquivo especificado não foi encontrado.
Os possíveis motivos para isso incluem:
  * Você digitou incorretamente um comando dotnet interno.
  * Você pretendia executar um programa .NET, mas dotnet-Cliente Windows.dll não existe.
  * Você pretendia executar uma ferramenta global, mas não foi possível encontrar um executável com prefixo dotnet com esse nome no PATH.
PS C:\Users\Tributos Consultoria\Desktop\certificado\MITEstudo>