O Windows PowerShell
Copyright (C) Microsoft Corporation. Todos os direitos reservados.

Instale o PowerShell mais recente para obter novos recursos e aprimoramentos! https://aka.ms/PSWindows

PS C:\WINDOWS\system32> cd "C:\Users\Tributos Consultoria\Pictures\MITEstudo\Cliente Windows"
PS C:\Users\Tributos Consultoria\Pictures\MITEstudo\Cliente Windows> dotnet build -c Release
Restauração concluída (0,4s)
  Cliente Windows net10.0-windows falhou com1 erros e 1 avisos (0,9s)
    C:\Program Files\dotnet\sdk\10.0.100\Sdks\Microsoft.NET.Sdk\targets\Microsoft.NET.Sdk.DefaultItems.targets(158,5): warning NETSDK1137: não é mais necessário usar o SDK do Microsoft.NET.Sdk.WindowsDesktop. Considere alterar o atributo SDK do elemento de Projeto raiz para 'Microsoft.NET.Sdk'.
    C:\Users\Tributos Consultoria\Pictures\MITEstudo\Cliente Windows\Program.cs(9,28): error CS0017: Programa tem mais de um ponto de entrada definido. Compilar com /main para especificar o tipo que contém o ponto de entrada.

Construir falhou com1 erros e 1 avisos em 1,8s
PS C:\Users\Tributos Consultoria\Pictures\MITEstudo\Cliente Windows> rm Program.cs
PS C:\Users\Tributos Consultoria\Pictures\MITEstudo\Cliente Windows> dotnet clean
  Cliente Windows net10.0-windows êxito(s) com 1 aviso(s) (0,1s)
    C:\Program Files\dotnet\sdk\10.0.100\Sdks\Microsoft.NET.Sdk\targets\Microsoft.NET.Sdk.DefaultItems.targets(158,5): warning NETSDK1137: não é mais necessário usar o SDK do Microsoft.NET.Sdk.WindowsDesktop. Considere alterar o atributo SDK do elemento de Projeto raiz para 'Microsoft.NET.Sdk'.

Construir êxito(s) com 1 aviso(s) em 0,4s
PS C:\Users\Tributos Consultoria\Pictures\MITEstudo\Cliente Windows> dotnet build -c Release
Restauração concluída (0,3s)
  Cliente Windows net10.0-windows êxito(s) com 1 aviso(s) (0,9s) → bin\Release\net10.0-windows\ClienteWindows.dll
    C:\Program Files\dotnet\sdk\10.0.100\Sdks\Microsoft.NET.Sdk\targets\Microsoft.NET.Sdk.DefaultItems.targets(158,5): warning NETSDK1137: não é mais necessário usar o SDK do Microsoft.NET.Sdk.WindowsDesktop. Considere alterar o atributo SDK do elemento de Projeto raiz para 'Microsoft.NET.Sdk'.

Construir êxito(s) com 1 aviso(s) em 1,7s
PS C:\Users\Tributos Consultoria\Pictures\MITEstudo\Cliente Windows>